Archive member included to satisfy reference by file (symbol)

e:/armm3_stm/imt_arm_course/02- tools/03- imt sdk/imt_sdk_win_64/winarm/armgcc/bin/../lib/gcc/arm-none-eabi/7.2.1/../../../../arm-none-eabi/lib/thumb/v7-m\libg_nano.a(lib_a-errno.o)
                              ./system/src/newlib/_sbrk.o (__errno)
e:/armm3_stm/imt_arm_course/02- tools/03- imt sdk/imt_sdk_win_64/winarm/armgcc/bin/../lib/gcc/arm-none-eabi/7.2.1/../../../../arm-none-eabi/lib/thumb/v7-m\libg_nano.a(lib_a-impure.o)
                              e:/armm3_stm/imt_arm_course/02- tools/03- imt sdk/imt_sdk_win_64/winarm/armgcc/bin/../lib/gcc/arm-none-eabi/7.2.1/../../../../arm-none-eabi/lib/thumb/v7-m\libg_nano.a(lib_a-errno.o) (_impure_ptr)
e:/armm3_stm/imt_arm_course/02- tools/03- imt sdk/imt_sdk_win_64/winarm/armgcc/bin/../lib/gcc/arm-none-eabi/7.2.1/../../../../arm-none-eabi/lib/thumb/v7-m\libg_nano.a(lib_a-memcpy-stub.o)
                              ./src/queue.o (memcpy)
e:/armm3_stm/imt_arm_course/02- tools/03- imt sdk/imt_sdk_win_64/winarm/armgcc/bin/../lib/gcc/arm-none-eabi/7.2.1/../../../../arm-none-eabi/lib/thumb/v7-m\libg_nano.a(lib_a-memset.o)
                              ./src/stream_buffer.o (memset)
e:/armm3_stm/imt_arm_course/02- tools/03- imt sdk/imt_sdk_win_64/winarm/armgcc/bin/../lib/gcc/arm-none-eabi/7.2.1/../../../../arm-none-eabi/lib/thumb/v7-m\libg_nano.a(lib_a-strlen.o)
                              ./system/src/diag/Trace.o (strlen)
e:/armm3_stm/imt_arm_course/02- tools/03- imt sdk/imt_sdk_win_64/winarm/armgcc/bin/../lib/gcc/arm-none-eabi/7.2.1/../../../../arm-none-eabi/lib/thumb/v7-m\libg_nano.a(lib_a-vsnprintf.o)
                              ./system/src/diag/Trace.o (vsnprintf)
e:/armm3_stm/imt_arm_course/02- tools/03- imt sdk/imt_sdk_win_64/winarm/armgcc/bin/../lib/gcc/arm-none-eabi/7.2.1/../../../../arm-none-eabi/lib/thumb/v7-m\libg_nano.a(lib_a-nano-svfprintf.o)
                              e:/armm3_stm/imt_arm_course/02- tools/03- imt sdk/imt_sdk_win_64/winarm/armgcc/bin/../lib/gcc/arm-none-eabi/7.2.1/../../../../arm-none-eabi/lib/thumb/v7-m\libg_nano.a(lib_a-vsnprintf.o) (_svfprintf_r)
e:/armm3_stm/imt_arm_course/02- tools/03- imt sdk/imt_sdk_win_64/winarm/armgcc/bin/../lib/gcc/arm-none-eabi/7.2.1/../../../../arm-none-eabi/lib/thumb/v7-m\libg_nano.a(lib_a-nano-vfprintf_i.o)
                              e:/armm3_stm/imt_arm_course/02- tools/03- imt sdk/imt_sdk_win_64/winarm/armgcc/bin/../lib/gcc/arm-none-eabi/7.2.1/../../../../arm-none-eabi/lib/thumb/v7-m\libg_nano.a(lib_a-nano-svfprintf.o) (_printf_i)
e:/armm3_stm/imt_arm_course/02- tools/03- imt sdk/imt_sdk_win_64/winarm/armgcc/bin/../lib/gcc/arm-none-eabi/7.2.1/../../../../arm-none-eabi/lib/thumb/v7-m\libg_nano.a(lib_a-memchr-stub.o)
                              e:/armm3_stm/imt_arm_course/02- tools/03- imt sdk/imt_sdk_win_64/winarm/armgcc/bin/../lib/gcc/arm-none-eabi/7.2.1/../../../../arm-none-eabi/lib/thumb/v7-m\libg_nano.a(lib_a-nano-svfprintf.o) (memchr)
e:/armm3_stm/imt_arm_course/02- tools/03- imt sdk/imt_sdk_win_64/winarm/armgcc/bin/../lib/gcc/arm-none-eabi/7.2.1/../../../../arm-none-eabi/lib/thumb/v7-m\libg_nano.a(lib_a-memmove.o)
                              e:/armm3_stm/imt_arm_course/02- tools/03- imt sdk/imt_sdk_win_64/winarm/armgcc/bin/../lib/gcc/arm-none-eabi/7.2.1/../../../../arm-none-eabi/lib/thumb/v7-m\libg_nano.a(lib_a-nano-svfprintf.o) (memmove)
e:/armm3_stm/imt_arm_course/02- tools/03- imt sdk/imt_sdk_win_64/winarm/armgcc/bin/../lib/gcc/arm-none-eabi/7.2.1/../../../../arm-none-eabi/lib/thumb/v7-m\libg_nano.a(lib_a-nano-freer.o)
                              e:/armm3_stm/imt_arm_course/02- tools/03- imt sdk/imt_sdk_win_64/winarm/armgcc/bin/../lib/gcc/arm-none-eabi/7.2.1/../../../../arm-none-eabi/lib/thumb/v7-m\libg_nano.a(lib_a-nano-svfprintf.o) (_free_r)
e:/armm3_stm/imt_arm_course/02- tools/03- imt sdk/imt_sdk_win_64/winarm/armgcc/bin/../lib/gcc/arm-none-eabi/7.2.1/../../../../arm-none-eabi/lib/thumb/v7-m\libg_nano.a(lib_a-nano-mallocr.o)
                              e:/armm3_stm/imt_arm_course/02- tools/03- imt sdk/imt_sdk_win_64/winarm/armgcc/bin/../lib/gcc/arm-none-eabi/7.2.1/../../../../arm-none-eabi/lib/thumb/v7-m\libg_nano.a(lib_a-nano-svfprintf.o) (_malloc_r)
e:/armm3_stm/imt_arm_course/02- tools/03- imt sdk/imt_sdk_win_64/winarm/armgcc/bin/../lib/gcc/arm-none-eabi/7.2.1/../../../../arm-none-eabi/lib/thumb/v7-m\libg_nano.a(lib_a-nano-reallocr.o)
                              e:/armm3_stm/imt_arm_course/02- tools/03- imt sdk/imt_sdk_win_64/winarm/armgcc/bin/../lib/gcc/arm-none-eabi/7.2.1/../../../../arm-none-eabi/lib/thumb/v7-m\libg_nano.a(lib_a-nano-svfprintf.o) (_realloc_r)
e:/armm3_stm/imt_arm_course/02- tools/03- imt sdk/imt_sdk_win_64/winarm/armgcc/bin/../lib/gcc/arm-none-eabi/7.2.1/../../../../arm-none-eabi/lib/thumb/v7-m\libg_nano.a(lib_a-sbrkr.o)
[...]
Memory Configuration

Name             Origin             Length             Attributes
RAM              0x20000000         0x00005000         xrw
CCMRAM           0x00000000         0x00000000         xrw
FLASH            0x08000000         0x00010000         xr
FLASHB1          0x00000000         0x00000000         xr
EXTMEMB0         0x00000000         0x00000000         xr
EXTMEMB1         0x00000000         0x00000000         xr
EXTMEMB2         0x00000000         0x00000000         xr
EXTMEMB3         0x00000000         0x00000000         xr
MEMORY_ARRAY     0x00000000         0x00000000         xrw
*default*        0x00000000         0xffffffff

Linker script and memory map

LOAD ./system/src/stm32f1-stdperiph/misc.o
LOAD ./system/src/stm32f1-stdperiph/stm32f10x_gpio.o
LOAD ./system/src/stm32f1-stdperiph/stm32f10x_rcc.o
LOAD ./system/src/newlib/_cxx.o
LOAD ./system/src/newlib/_exit.o
LOAD ./system/src/newlib/_sbrk.o
LOAD ./system/src/newlib/_startup.o
LOAD ./system/src/newlib/_syscalls.o
LOAD ./system/src/newlib/assert.o
LOAD ./system/src/diag/Trace.o
LOAD ./system/src/diag/trace_impl.o
LOAD ./system/src/cortexm/_initialize_hardware.o
LOAD ./system/src/cortexm/_reset_hardware.o
LOAD ./system/src/cortexm/exception_handlers.o
LOAD ./system/src/cmsis/system_stm32f10x.o
LOAD ./system/src/cmsis/vectors_stm32f10x.o
LOAD ./src/DIO_program.o
LOAD ./src/RCC_program.o
LOAD ./src/event_groups.o
LOAD ./src/heap_2.o
LOAD ./src/list.o
LOAD ./src/main.o
LOAD ./src/port.o
LOAD ./src/queue.o
LOAD ./src/stream_buffer.o
LOAD ./src/tasks.o
LOAD ./src/timers.o
LOAD e:/armm3_stm/imt_arm_course/02- tools/03- imt sdk/imt_sdk_win_64/winarm/armgcc/bin/../lib/gcc/arm-none-eabi/7.2.1/../../../../arm-none-eabi/lib/thumb/v7-m\libstdc++_nano.a
LOAD e:/armm3_stm/imt_arm_course/02- tools/03- imt sdk/imt_sdk_win_64/winarm/armgcc/bin/../lib/gcc/arm-none-eabi/7.2.1/../../../../arm-none-eabi/lib/thumb/v7-m\libm.a
START GROUP
LOAD e:/armm3_stm/imt_arm_course/02- tools/03- imt sdk/imt_sdk_win_64/winarm/armgcc/bin/../lib/gcc/arm-none-eabi/7.2.1/thumb/v7-m\libgcc.a
LOAD e:/armm3_stm/imt_arm_course/02- tools/03- imt sdk/imt_sdk_win_64/winarm/armgcc/bin/../lib/gcc/arm-none-eabi/7.2.1/../../../../arm-none-eabi/lib/thumb/v7-m\libg_nano.a
LOAD e:/armm3_stm/imt_arm_course/02- tools/03- imt sdk/imt_sdk_win_64/winarm/armgcc/bin/../lib/gcc/arm-none-eabi/7.2.1/../../../../arm-none-eabi/lib/thumb/v7-m\libc_nano.a
END GROUP
START GROUP
LOAD e:/armm3_stm/imt_arm_course/02- tools/03- imt sdk/imt_sdk_win_64/winarm/armgcc/bin/../lib/gcc/arm-none-eabi/7.2.1/thumb/v7-m\libgcc.a
LOAD e:/armm3_stm/imt_arm_course/02- tools/03- imt sdk/imt_sdk_win_64/winarm/armgcc/bin/../lib/gcc/arm-none-eabi/7.2.1/../../../../arm-none-eabi/lib/thumb/v7-m\libc_nano.a
END GROUP
                0x20005000                __stack = (ORIGIN (RAM) + LENGTH (RAM))
                0x20005000                _estack = __stack
                0x00000400                __Main_Stack_Size = 0x400
                [!provide]                PROVIDE (_Main_Stack_Size, __Main_Stack_Size)
                0x20004c00                __Main_Stack_Limit = (__stack - __Main_Stack_Size)
                [!provide]                PROVIDE (_Main_Stack_Limit, __Main_Stack_Limit)
                0x00000100                _Minimum_Stack_Size = 0x100
                0x20004aac                PROVIDE (_Heap_Begin, _end_noinit)
                0x20004c00                PROVIDE (_Heap_Limit, (__stack - __Main_Stack_Size))

.isr_vector     0x08000000      0x350
 FILL mask 0xff
                0x08000000                __vectors_start = ABSOLUTE (.)
                0x08000000                __vectors_start__ = ABSOLUTE (.)
 *(.isr_vector)
 .isr_vector    0x08000000      0x10c ./system/src/cmsis/vectors_stm32f10x.o
                0x08000000                __isr_vectors
 *(.cfmconfig)
 *(.after_vectors .after_vectors.*)
 .after_vectors
                0x0800010c      0x114 ./system/src/newlib/_startup.o
                0x0800010c                _start
 .after_vectors
                0x08000220      0x12c ./system/src/cortexm/exception_handlers.o
                0x08000220                Reset_Handler
                0x08000226                NMI_Handler
                0x0800022a                HardFault_Handler
                0x0800023e                HardFault_Handler_C
                0x0800029c                MemManage_Handler
                0x080002a0                BusFault_Handler
                0x080002b4                BusFault_Handler_C
                0x080002e8                UsageFault_Handler
                0x080002fc                UsageFault_Handler_C
                0x08000330                SVC_Handler
                0x08000334                DebugMon_Handler
                0x08000338                PendSV_Handler
                0x0800033c                SysTick_Handler
 .after_vectors
                0x0800034c        0x4 ./system/src/cmsis/vectors_stm32f10x.o
                0x0800034c                EXTI2_IRQHandler
                0x0800034c                TIM8_TRG_COM_IRQHandler
                0x0800034c                TIM8_CC_IRQHandler
                0x0800034c                TIM1_CC_IRQHandler
                0x0800034c                TIM6_IRQHandler
                0x0800034c                PVD_IRQHandler
                0x0800034c                SDIO_IRQHandler
                0x0800034c                CAN2_RX1_IRQHandler
                0x0800034c                EXTI3_IRQHandler
                0x0800034c                TIM8_TRG_COM_TIM14_IRQHandler
                0x0800034c                TIM1_UP_TIM10_IRQHandler
                0x0800034c                TIM8_UP_TIM13_IRQHandler
                0x0800034c                EXTI0_IRQHandler
                0x0800034c                I2C2_EV_IRQHandler
                0x0800034c                CAN1_RX0_IRQHandler
                0x0800034c                TIM1_UP_TIM16_IRQHandler
                0x0800034c                CAN2_SCE_IRQHandler
                0x0800034c                ADC1_2_IRQHandler
                0x0800034c                SPI1_IRQHandler
                0x0800034c                TAMPER_IRQHandler
                0x0800034c                TIM6_DAC_IRQHandler
                0x0800034c                TIM1_BRK_TIM9_IRQHandler
                0x0800034c                CAN2_RX0_IRQHandler
                0x0800034c                TIM8_UP_IRQHandler
                0x0800034c                DMA2_Channel2_IRQHandler
                0x0800034c                DMA1_Channel4_IRQHandler
                0x0800034c                USART3_IRQHandler
                0x0800034c                RTC_IRQHandler
                0x0800034c                DMA1_Channel7_IRQHandler
                0x0800034c                CAN1_RX1_IRQHandler
                0x0800034c                UART5_IRQHandler
                0x0800034c                ADC3_IRQHandler
                0x0800034c                TIM4_IRQHandler
                0x0800034c                DMA2_Channel1_IRQHandler
                0x0800034c                I2C1_EV_IRQHandler
                0x0800034c                DMA1_Channel6_IRQHandler
                0x0800034c                UART4_IRQHandler
                0x0800034c                DMA2_Channel4_IRQHandler
                0x0800034c                TIM3_IRQHandler
                0x0800034c                RCC_IRQHandler
                0x0800034c                TIM8_BRK_TIM12_IRQHandler
                0x0800034c                TIM1_TRG_COM_IRQHandler
                0x0800034c                DMA1_Channel1_IRQHandler
                0x0800034c                Default_Handler
                0x0800034c                CEC_IRQHandler
                0x0800034c                EXTI15_10_IRQHandler
                0x0800034c                TIM14_IRQHandler
                0x0800034c                TIM13_IRQHandler
                0x0800034c                TIM12_IRQHandler
                0x0800034c                TIM7_IRQHandler
                0x0800034c                CAN2_TX_IRQHandler
                0x0800034c                TIM5_IRQHandler
                0x0800034c                EXTI9_5_IRQHandler
                0x0800034c                ETH_WKUP_IRQHandler
                0x0800034c                SPI2_IRQHandler
                0x0800034c                CAN1_TX_IRQHandler
                0x0800034c                DMA2_Channel5_IRQHandler
                0x0800034c                DMA1_Channel5_IRQHandler
                0x0800034c                EXTI4_IRQHandler
                0x0800034c                USB_LP_CAN1_RX0_IRQHandler
                0x0800034c                TIM1_TRG_COM_TIM17_IRQHandler
                0x0800034c                USB_HP_CAN1_TX_IRQHandler
                0x0800034c                DMA1_Channel3_IRQHandler
                0x0800034c                FSMC_IRQHandler
                0x0800034c                ETH_IRQHandler
                0x0800034c                TIM1_UP_IRQHandler
                0x0800034c                WWDG_IRQHandler
                0x0800034c                TIM2_IRQHandler
                0x0800034c                OTG_FS_WKUP_IRQHandler
                0x0800034c                TIM1_TRG_COM_TIM11_IRQHandler
                0x0800034c                TIM1_BRK_IRQHandler
                0x0800034c                EXTI1_IRQHandler
                0x0800034c                RTCAlarm_IRQHandler
                0x0800034c                DMA2_Channel4_5_IRQHandler
                0x0800034c                USART2_IRQHandler
                0x0800034c                I2C2_ER_IRQHandler
                0x0800034c                DMA1_Channel2_IRQHandler
                0x0800034c                TIM8_BRK_IRQHandler
                0x0800034c                CAN1_SCE_IRQHandler
                0x0800034c                FLASH_IRQHandler
                0x0800034c                USART1_IRQHandler
                0x0800034c                OTG_FS_IRQHandler
                0x0800034c                SPI3_IRQHandler
                0x0800034c                I2C1_ER_IRQHandler
                0x0800034c                USBWakeUp_IRQHandler
                0x0800034c                DMA2_Channel3_IRQHandler
                0x0800034c                TIM1_BRK_TIM15_IRQHandler

.inits          0x08000350       0x28
                0x08000350                __data_regions_array_start = .
                0x08000350        0x4 LONG 0x8002b4c LOADADDR (.data)
                0x08000354        0x4 LONG 0x20000000 ADDR (.data)
                0x08000358        0x4 LONG 0x20000090 (ADDR (.data) + SIZEOF (.data))
                0x0800035c        0x4 LONG 0x8002b4c LOADADDR (.data_CCMRAM)
                0x08000360        0x4 LONG 0x0 ADDR (.data_CCMRAM)
                0x08000364        0x4 LONG 0x0 (ADDR (.data_CCMRAM) + SIZEOF (.data_CCMRAM))
                0x08000368                __data_regions_array_end = .
                0x08000368                __bss_regions_array_start = .
                0x08000368        0x4 LONG 0x20000090 ADDR (.bss)
                0x0800036c        0x4 LONG 0x20004aac (ADDR (.bss) + SIZEOF (.bss))
                0x08000370        0x4 LONG 0x0 ADDR (.bss_CCMRAM)
                0x08000374        0x4 LONG 0x0 (ADDR (.bss_CCMRAM) + SIZEOF (.bss_CCMRAM))
                0x08000378                __bss_regions_array_end = .
 *(.init)
 *(.fini)
                0x08000378                . = ALIGN (0x4)
                0x08000378                PROVIDE (__preinit_array_start, .)
 *(.preinit_array_sysinit .preinit_array_sysinit.*)
 *(.preinit_array_platform .preinit_array_platform.*)
 *(.preinit_array .preinit_array.*)
                0x08000378                PROVIDE (__preinit_array_end, .)
                0x08000378                . = ALIGN (0x4)
                0x08000378                PROVIDE (__init_array_start, .)
 *(SORT_BY_NAME(.init_array.*))
 *(.init_array)
                0x08000378                PROVIDE (__init_array_end, .)
                0x08000378                . = ALIGN (0x4)
                0x08000378                PROVIDE (__fini_array_start, .)
 *(SORT_BY_NAME(.fini_array.*))
 *(.fini_array)
                0x08000378                PROVIDE (__fini_array_end, .)

.flashtext
 *(.flashtext .flashtext.*)

.text           0x08000380     0x27cb
 *(.text .text.*)
 .text._exit    0x08000380        0x2 ./system/src/newlib/_exit.o
                0x08000380                _exit
 *fill*         0x08000382        0x2 
 .text._sbrk    0x08000384       0x44 ./system/src/newlib/_sbrk.o
                0x08000384                _sbrk
 .text.__initialize_args
                0x080003c8       0x10 ./system/src/newlib/_syscalls.o
                0x080003c8                __initialize_args
 .text.trace_printf
                0x080003d8       0x30 ./system/src/diag/Trace.o
                0x080003d8                trace_printf
 .text._trace_write_semihosting_debug
                0x08000408       0x60 ./system/src/diag/trace_impl.o
 .text.trace_write
                0x08000468        0x8 ./system/src/diag/trace_impl.o
                0x08000468                trace_write
 .text.__initialize_hardware_early
                0x08000470       0x18 ./system/src/cortexm/_initialize_hardware.o
                0x08000470                __initialize_hardware_early
 .text.__initialize_hardware
                0x08000488        0x8 ./system/src/cortexm/_initialize_hardware.o
                0x08000488                __initialize_hardware
 .text.dumpExceptionStack
                0x08000490       0xf4 ./system/src/cortexm/exception_handlers.o
                0x08000490                dumpExceptionStack
 .text.isSemihosting
                0x08000584       0x20 ./system/src/cortexm/exception_handlers.o
                0x08000584                isSemihosting
 .text.SetSysClockTo72
                0x080005a4       0xc4 ./system/src/cmsis/system_stm32f10x.o
 .text.SetSysClock
                0x08000668        0x8 ./system/src/cmsis/system_stm32f10x.o
 .text.SystemInit
                0x08000670       0x50 ./system/src/cmsis/system_stm32f10x.o
                0x08000670                SystemInit
 .text.SystemCoreClockUpdate
                0x080006c0       0x94 ./system/src/cmsis/system_stm32f10x.o
                0x080006c0                SystemCoreClockUpdate
 .text.MGPIO_voidSetPinDirection
                0x08000754       0xe8 ./src/DIO_program.o
                0x08000754                MGPIO_voidSetPinDirection
 .text.MGPIO_voidSetPinValue
                0x0800083c       0x94 ./src/DIO_program.o
                0x0800083c                MGPIO_voidSetPinValue
 .text.MGPIO_u8GetPinValue
                0x080008d0       0x40 ./src/DIO_program.o
                0x080008d0                MGPIO_u8GetPinValue
 .text.RCC_voidInitSysClock
                0x08000910       0x14 ./src/RCC_program.o
                0x08000910                RCC_voidInitSysClock
 .text.RCC_voidEnableClock
                0x08000924       0x4c ./src/RCC_program.o
                0x08000924                RCC_voidEnableClock
 .text.prvTestWaitCondition
                0x08000970       0x1c ./src/event_groups.o
 .text.xEventGroupCreate
                0x0800098c       0x1a ./src/event_groups.o
                0x0800098c                xEventGroupCreate
 *fill*         0x080009a6        0x2 
 .text.xEventGroupWaitBits
                0x080009a8       0xb4 ./src/event_groups.o
                0x080009a8                xEventGroupWaitBits
 .text.xEventGroupSetBits
                0x08000a5c       0x60 ./src/event_groups.o
                0x08000a5c                xEventGroupSetBits
 .text.prvHeapInit
                0x08000abc       0x2c ./src/heap_2.o
 .text.pvPortMalloc
                0x08000ae8       0xa4 ./src/heap_2.o
                0x08000ae8                pvPortMalloc
 .text.vPortFree
                0x08000b8c       0x44 ./src/heap_2.o
                0x08000b8c                vPortFree
 .text.vListInitialise
                0x08000bd0       0x16 ./src/list.o
                0x08000bd0                vListInitialise
 .text.vListInitialiseItem
                0x08000be6        0x6 ./src/list.o
                0x08000be6                vListInitialiseItem
 .text.vListInsertEnd
                0x08000bec       0x18 ./src/list.o
                0x08000bec                vListInsertEnd
 .text.vListInsert
                0x08000c04       0x36 ./src/list.o
                0x08000c04                vListInsert
 .text.uxListRemove
                0x08000c3a       0x28 ./src/list.o
                0x08000c3a                uxListRemove
 *fill*         0x08000c62        0x2 
 .text.button1  0x08000c64       0x30 ./src/main.o
                0x08000c64                button1
 .text.button2  0x08000c94       0x30 ./src/main.o
                0x08000c94                button2
 .text.task1    0x08000cc4       0x30 ./src/main.o
                0x08000cc4                task1
 .text.main     0x08000cf4       0xa8 ./src/main.o
                0x08000cf4                main
 .text.prvTaskExitError
                0x08000d9c       0x20 ./src/port.o
 .text.prvPortStartFirstTask
                0x08000dbc       0x20 ./src/port.o
 .text.pxPortInitialiseStack
                0x08000ddc       0x24 ./src/port.o
                0x08000ddc                pxPortInitialiseStack
 .text.vPortSVCHandler
                0x08000e00       0x24 ./src/port.o
                0x08000e00                vPortSVCHandler
 .text.vPortEnterCritical
                0x08000e24       0x20 ./src/port.o
                0x08000e24                vPortEnterCritical
 .text.vPortExitCritical
                0x08000e44       0x14 ./src/port.o
                0x08000e44                vPortExitCritical
 *fill*         0x08000e58        0x8 
 .text.xPortPendSVHandler
                0x08000e60       0x44 ./src/port.o
                0x08000e60                xPortPendSVHandler
 .text.xPortSysTickHandler
                0x08000ea4       0x2c ./src/port.o
                0x08000ea4                xPortSysTickHandler
 .text.vPortSetupTimerInterrupt
                0x08000ed0       0x24 ./src/port.o
                0x08000ed0                vPortSetupTimerInterrupt
 .text.xPortStartScheduler
                0x08000ef4       0x38 ./src/port.o
                0x08000ef4                xPortStartScheduler
 .text.prvIsQueueFull
                0x08000f2c       0x1e ./src/queue.o
 .text.prvIsQueueEmpty
                0x08000f4a       0x1a ./src/queue.o
 .text.prvCopyDataToQueue
                0x08000f64       0x76 ./src/queue.o
 .text.prvCopyDataFromQueue
                0x08000fda       0x24 ./src/queue.o
 .text.prvUnlockQueue
                0x08000ffe       0x6e ./src/queue.o
 .text.xQueueGenericReset
                0x0800106c       0x70 ./src/queue.o
                0x0800106c                xQueueGenericReset
 .text.prvInitialiseNewQueue
                0x080010dc       0x22 ./src/queue.o
 .text.xQueueGenericCreate
                0x080010fe       0x2e ./src/queue.o
                0x080010fe                xQueueGenericCreate
 .text.xQueueGenericSend
                0x0800112c      0x120 ./src/queue.o
                0x0800112c                xQueueGenericSend
 .text.xQueueGenericSendFromISR
                0x0800124c       0x70 ./src/queue.o
                0x0800124c                xQueueGenericSendFromISR
 .text.xQueueReceive
                0x080012bc      0x114 ./src/queue.o
                0x080012bc                xQueueReceive
 .text.vQueueAddToRegistry
                0x080013d0       0x28 ./src/queue.o
                0x080013d0                vQueueAddToRegistry
 .text.vQueueWaitForMessageRestricted
                0x080013f8       0x52 ./src/queue.o
                0x080013f8                vQueueWaitForMessageRestricted
 *fill*         0x0800144a        0x2 
 .text.prvResetNextTaskUnblockTime
                0x0800144c       0x28 ./src/tasks.o
 .text.prvDeleteTCB
                0x08001474       0x12 ./src/tasks.o
 .text.prvInitialiseNewTask
                0x08001486       0xb0 ./src/tasks.o
 *fill*         0x08001536        0x2 
 .text.prvInitialiseTaskLists
                0x08001538       0x68 ./src/tasks.o
 .text.prvAddNewTaskToReadyList
                0x080015a0       0xac ./src/tasks.o
 .text.prvCheckTasksWaitingTermination
                0x0800164c       0x4c ./src/tasks.o
 .text.prvIdleTask
                0x08001698       0x28 ./src/tasks.o
 .text.prvAddCurrentTaskToDelayedList
                0x080016c0       0xa0 ./src/tasks.o
 .text.xTaskCreate
                0x08001760       0x62 ./src/tasks.o
                0x08001760                xTaskCreate
 *fill*         0x080017c2        0x2 
 .text.vTaskStartScheduler
                0x080017c4       0x6c ./src/tasks.o
                0x080017c4                vTaskStartScheduler
 .text.vTaskSuspendAll
                0x08001830       0x10 ./src/tasks.o
                0x08001830                vTaskSuspendAll
 .text.xTaskGetTickCount
                0x08001840       0x18 ./src/tasks.o
                0x08001840                xTaskGetTickCount
 .text.xTaskIncrementTick
                0x08001858      0x108 ./src/tasks.o
                0x08001858                xTaskIncrementTick
 .text.xTaskResumeAll
                0x08001960       0xe8 ./src/tasks.o
                0x08001960                xTaskResumeAll
 .text.vTaskDelay
                0x08001a48       0x34 ./src/tasks.o
                0x08001a48                vTaskDelay
 .text.vTaskSwitchContext
                0x08001a7c       0x7c ./src/tasks.o
                0x08001a7c                vTaskSwitchContext
 .text.vTaskPlaceOnEventList
                0x08001af8       0x1c ./src/tasks.o
                0x08001af8                vTaskPlaceOnEventList
 .text.vTaskPlaceOnUnorderedEventList
                0x08001b14       0x28 ./src/tasks.o
                0x08001b14                vTaskPlaceOnUnorderedEventList
 .text.vTaskPlaceOnEventListRestricted
                0x08001b3c       0x24 ./src/tasks.o
                0x08001b3c                vTaskPlaceOnEventListRestricted
 .text.xTaskRemoveFromEventList
                0x08001b60       0x78 ./src/tasks.o
                0x08001b60                xTaskRemoveFromEventList
 .text.vTaskRemoveFromUnorderedEventList
                0x08001bd8       0x5c ./src/tasks.o
                0x08001bd8                vTaskRemoveFromUnorderedEventList
 .text.vTaskInternalSetTimeOutState
                0x08001c34       0x18 ./src/tasks.o
                0x08001c34                vTaskInternalSetTimeOutState
 .text.xTaskCheckForTimeOut
                0x08001c4c       0x64 ./src/tasks.o
                0x08001c4c                xTaskCheckForTimeOut
 .text.vTaskMissedYield
                0x08001cb0        0xc ./src/tasks.o
                0x08001cb0                vTaskMissedYield
 .text.xTaskGetSchedulerState
                0x08001cbc       0x20 ./src/tasks.o
                0x08001cbc                xTaskGetSchedulerState
 .text.xTaskPriorityDisinherit
                0x08001cdc       0x78 ./src/tasks.o
                0x08001cdc                xTaskPriorityDisinherit
 .text.uxTaskResetEventItemValue
                0x08001d54       0x18 ./src/tasks.o
                0x08001d54                uxTaskResetEventItemValue
 .text.prvGetNextExpireTime
                0x08001d6c       0x20 ./src/timers.o
 .text.prvInsertTimerInActiveList
                0x08001d8c       0x48 ./src/timers.o
 .text.prvCheckForValidListAndQueue
                0x08001dd4       0x5c ./src/timers.o
 .text.xTimerCreateTimerTask
                0x08001e30       0x3c ./src/timers.o
                0x08001e30                xTimerCreateTimerTask
 .text.xTimerGenericCommand
                0x08001e6c       0x5c ./src/timers.o
                0x08001e6c                xTimerGenericCommand
 .text.prvSwitchTimerLists
                0x08001ec8       0x6c ./src/timers.o
 .text.prvSampleTimeNow
                0x08001f34       0x2c ./src/timers.o
 .text.prvProcessExpiredTimer
                0x08001f60       0x5c ./src/timers.o
 .text.prvProcessTimerOrBlockTask
                0x08001fbc       0x78 ./src/timers.o
 .text.prvProcessReceivedCommands
                0x08002034       0xe0 ./src/timers.o
 .text.prvTimerTask
                0x08002114       0x16 ./src/timers.o
 *fill*         0x0800212a        0x2 
 .text.__errno  0x0800212c        0xc e:/armm3_stm/imt_arm_course/02- tools/03- imt sdk/imt_sdk_win_64/winarm/armgcc/bin/../lib/gcc/arm-none-eabi/7.2.1/../../../../arm-none-eabi/lib/thumb/v7-m\libg_nano.a(lib_a-errno.o)
                0x0800212c                __errno
 .text.memcpy   0x08002138       0x16 e:/armm3_stm/imt_arm_course/02- tools/03- imt sdk/imt_sdk_win_64/winarm/armgcc/bin/../lib/gcc/arm-none-eabi/7.2.1/../../../../arm-none-eabi/lib/thumb/v7-m\libg_nano.a(lib_a-memcpy-stub.o)
                0x08002138                memcpy
 .text.memset   0x0800214e       0x10 e:/armm3_stm/imt_arm_course/02- tools/03- imt sdk/imt_sdk_win_64/winarm/armgcc/bin/../lib/gcc/arm-none-eabi/7.2.1/../../../../arm-none-eabi/lib/thumb/v7-m\libg_nano.a(lib_a-memset.o)
                0x0800214e                memset
 .text._vsnprintf_r
                0x0800215e       0x58 e:/armm3_stm/imt_arm_course/02- tools/03- imt sdk/imt_sdk_win_64/winarm/armgcc/bin/../lib/gcc/arm-none-eabi/7.2.1/../../../../arm-none-eabi/lib/thumb/v7-m\libg_nano.a(lib_a-vsnprintf.o)
                0x0800215e                _vsniprintf_r
                0x0800215e                _vsnprintf_r
 *fill*         0x080021b6        0x2 
 .text.vsnprintf
                0x080021b8       0x1c e:/armm3_stm/imt_arm_course/02- tools/03- imt sdk/imt_sdk_win_64/winarm/armgcc/bin/../lib/gcc/arm-none-eabi/7.2.1/../../../../arm-none-eabi/lib/thumb/v7-m\libg_nano.a(lib_a-vsnprintf.o)
                0x080021b8                vsniprintf
                0x080021b8                vsnprintf
 .text.__ssputs_r
                0x080021d4       0xb4 e:/armm3_stm/imt_arm_course/02- tools/03- imt sdk/imt_sdk_win_64/winarm/armgcc/bin/../lib/gcc/arm-none-eabi/7.2.1/../../../../arm-none-eabi/lib/thumb/v7-m\libg_nano.a(lib_a-nano-svfprintf.o)
                0x080021d4                __ssputs_r
 .text._svfprintf_r
                0x08002288      0x1ec e:/armm3_stm/imt_arm_course/02- tools/03- imt sdk/imt_sdk_win_64/winarm/armgcc/bin/../lib/gcc/arm-none-eabi/7.2.1/../../../../arm-none-eabi/lib/thumb/v7-m\libg_nano.a(lib_a-nano-svfprintf.o)
                0x08002288                _svfiprintf_r
                0x08002288                _svfprintf_r
 .text._printf_common
                0x08002474       0xec e:/armm3_stm/imt_arm_course/02- tools/03- imt sdk/imt_sdk_win_64/winarm/armgcc/bin/../lib/gcc/arm-none-eabi/7.2.1/../../../../arm-none-eabi/lib/thumb/v7-m\libg_nano.a(lib_a-nano-vfprintf_i.o)
                0x08002474                _printf_common
 .text._printf_i
                0x08002560      0x224 e:/armm3_stm/imt_arm_course/02- tools/03- imt sdk/imt_sdk_win_64/winarm/armgcc/bin/../lib/gcc/arm-none-eabi/7.2.1/../../../../arm-none-eabi/lib/thumb/v7-m\libg_nano.a(lib_a-nano-vfprintf_i.o)
                0x08002560                _printf_i
 .text.memchr   0x08002784       0x1c e:/armm3_stm/imt_arm_course/02- tools/03- imt sdk/imt_sdk_win_64/winarm/armgcc/bin/../lib/gcc/arm-none-eabi/7.2.1/../../../../arm-none-eabi/lib/thumb/v7-m\libg_nano.a(lib_a-memchr-stub.o)
                0x08002784                memchr
 .text.memmove  0x080027a0       0x32 e:/armm3_stm/imt_arm_course/02- tools/03- imt sdk/imt_sdk_win_64/winarm/armgcc/bin/../lib/gcc/arm-none-eabi/7.2.1/../../../../arm-none-eabi/lib/thumb/v7-m\libg_nano.a(lib_a-memmove.o)
                0x080027a0                memmove
 *fill*         0x080027d2        0x2 
 .text._free_r  0x080027d4       0x98 e:/armm3_stm/imt_arm_course/02- tools/03- imt sdk/imt_sdk_win_64/winarm/armgcc/bin/../lib/gcc/arm-none-eabi/7.2.1/../../../../arm-none-eabi/lib/thumb/v7-m\libg_nano.a(lib_a-nano-freer.o)
                0x080027d4                _free_r
 .text._malloc_r
                0x0800286c       0xb4 e:/armm3_stm/imt_arm_course/02- tools/03- imt sdk/imt_sdk_win_64/winarm/armgcc/bin/../lib/gcc/arm-none-eabi/7.2.1/../../../../arm-none-eabi/lib/thumb/v7-m\libg_nano.a(lib_a-nano-mallocr.o)
                0x0800286c                _malloc_r
 .text._realloc_r
                0x08002920       0x4c e:/armm3_stm/imt_arm_course/02- tools/03- imt sdk/imt_sdk_win_64/winarm/armgcc/bin/../lib/gcc/arm-none-eabi/7.2.1/../../../../arm-none-eabi/lib/thumb/v7-m\libg_nano.a(lib_a-nano-reallocr.o)
                0x08002920                _realloc_r
 .text._sbrk_r  0x0800296c       0x20 e:/armm3_stm/imt_arm_course/02- tools/03- imt sdk/imt_sdk_win_64/winarm/armgcc/bin/../lib/gcc/arm-none-eabi/7.2.1/../../../../arm-none-eabi/lib/thumb/v7-m\libg_nano.a(lib_a-sbrkr.o)
                0x0800296c                _sbrk_r
 .text.__malloc_lock
                0x0800298c        0x2 e:/armm3_stm/imt_arm_course/02- tools/03- imt sdk/imt_sdk_win_64/winarm/armgcc/bin/../lib/gcc/arm-none-eabi/7.2.1/../../../../arm-none-eabi/lib/thumb/v7-m\libg_nano.a(lib_a-mlock.o)
                0x0800298c                __malloc_lock
 .text.__malloc_unlock
                0x0800298e        0x2 e:/armm3_stm/imt_arm_course/02- tools/03- imt sdk/imt_sdk_win_64/winarm/armgcc/bin/../lib/gcc/arm-none-eabi/7.2.1/../../../../arm-none-eabi/lib/thumb/v7-m\libg_nano.a(lib_a-mlock.o)
                0x0800298e                __malloc_unlock
 .text._malloc_usable_size_r
                0x08002990       0x10 e:/armm3_stm/imt_arm_course/02- tools/03- imt sdk/imt_sdk_win_64/winarm/armgcc/bin/../lib/gcc/arm-none-eabi/7.2.1/../../../../arm-none-eabi/lib/thumb/v7-m\libg_nano.a(lib_a-nano-msizer.o)
                0x08002990                _malloc_usable_size_r
 *(.rodata .rodata.* .constdata .constdata.*)
 .rodata.dumpExceptionStack.str1.4
                0x080029a0      0x11a ./system/src/cortexm/exception_handlers.o
 *fill*         0x08002aba        0x2 
 .rodata.str1.4
                0x08002abc       0x2a ./system/src/cortexm/exception_handlers.o
 *fill*         0x08002ae6        0x2 
 .rodata.main.str1.4
                0x08002ae8       0x18 ./src/main.o
 .rodata.vTaskStartScheduler.str1.4
                0x08002b00        0x5 ./src/tasks.o
 *fill*         0x08002b05        0x3 
 .rodata.prvCheckForValidListAndQueue.str1.4
                0x08002b08        0x5 ./src/timers.o
 *fill*         0x08002b0d        0x3 
 .rodata.xTimerCreateTimerTask.str1.4
                0x08002b10        0x8 ./src/timers.o
 .rodata._svfprintf_r.str1.1
                0x08002b18       0x11 e:/armm3_stm/imt_arm_course/02- tools/03- imt sdk/imt_sdk_win_64/winarm/armgcc/bin/../lib/gcc/arm-none-eabi/7.2.1/../../../../arm-none-eabi/lib/thumb/v7-m\libg_nano.a(lib_a-nano-svfprintf.o)
 .rodata._printf_i.str1.1
                0x08002b29       0x22 e:/armm3_stm/imt_arm_course/02- tools/03- imt sdk/imt_sdk_win_64/winarm/armgcc/bin/../lib/gcc/arm-none-eabi/7.2.1/../../../../arm-none-eabi/lib/thumb/v7-m\libg_nano.a(lib_a-nano-vfprintf_i.o)
 *(vtable)
 *(.eh_frame*)
 *(.glue_7)
 .glue_7        0x08002b4b        0x0 linker stubs
 *(.glue_7t)
 .glue_7t       0x08002b4b        0x0 linker stubs

.vfp11_veneer   0x08002b4c        0x0
 .vfp11_veneer  0x08002b4c        0x0 linker stubs

.v4_bx          0x08002b4c        0x0
 .v4_bx         0x08002b4c        0x0 linker stubs

.iplt           0x08002b4c        0x0
 .iplt          0x08002b4c        0x0 ./system/src/newlib/_exit.o

.rel.dyn        0x08002b4c        0x0
 .rel.iplt      0x08002b4c        0x0 ./system/src/newlib/_exit.o

.ARM.extab
 *(.ARM.extab* .gnu.linkonce.armextab.*)
                0x08002b4c                . = ALIGN (0x4)
                0x08002b4c                __exidx_start = .

.ARM.exidx
 *(.ARM.exidx* .gnu.linkonce.armexidx.*)
                0x08002b4c                __exidx_end = .
                0x08002b4c                . = ALIGN (0x4)
                0x08002b4c                _etext = .
                0x08002b4c                __etext = .

.data_CCMRAM    0x00000000        0x0 load address 0x08002b4c
 FILL mask 0xff
 *(.data.CCMRAM .data.CCMRAM.*)
                0x00000000                . = ALIGN (0x4)
                0x08002b4c                _sidata = LOADADDR (.data)

.data           0x20000000       0x90 load address 0x08002b4c
 FILL mask 0xff
                0x20000000                _sdata = .
                0x20000000                __data_start__ = .
 *(.data_begin .data_begin.*)
 .data_begin    0x20000000        0x4 ./system/src/newlib/_startup.o
 *(.data .data.*)
 .data.argv.4310
                0x20000004        0x8 ./system/src/newlib/_syscalls.o
 .data.AHBPrescTable
                0x2000000c       0x10 ./system/src/cmsis/system_stm32f10x.o
                0x2000000c                AHBPrescTable
 .data.SystemCoreClock
                0x2000001c        0x4 ./system/src/cmsis/system_stm32f10x.o
                0x2000001c                SystemCoreClock
 .data.xFreeBytesRemaining
                0x20000020        0x4 ./src/heap_2.o
 .data.uxCriticalNesting
                0x20000024        0x4 ./src/port.o
 .data._impure_ptr
                0x20000028        0x4 e:/armm3_stm/imt_arm_course/02- tools/03- imt sdk/imt_sdk_win_64/winarm/armgcc/bin/../lib/gcc/arm-none-eabi/7.2.1/../../../../arm-none-eabi/lib/thumb/v7-m\libg_nano.a(lib_a-impure.o)
                0x20000028                _impure_ptr
 .data.impure_data
                0x2000002c       0x60 e:/armm3_stm/imt_arm_course/02- tools/03- imt sdk/imt_sdk_win_64/winarm/armgcc/bin/../lib/gcc/arm-none-eabi/7.2.1/../../../../arm-none-eabi/lib/thumb/v7-m\libg_nano.a(lib_a-impure.o)
 *(.data_end .data_end.*)
 .data_end      0x2000008c        0x4 ./system/src/newlib/_startup.o
                0x20000090                . = ALIGN (0x4)
                0x20000090                _edata = .
                0x20000090                __data_end__ = .

.igot.plt       0x20000090        0x0 load address 0x08002bdc
 .igot.plt      0x20000090        0x0 ./system/src/newlib/_exit.o

.bss_CCMRAM     0x00000000        0x0
 *(.bss.CCMRAM .bss.CCMRAM.*)

.bss            0x20000090     0x4a1c
                0x20000090                __bss_start__ = .
                0x20000090                _sbss = .
 *(.bss_begin .bss_begin.*)
 .bss_begin     0x20000090        0x4 ./system/src/newlib/_startup.o
 *(.bss .bss.*)
 .bss.current_heap_end.3961
                0x20000094        0x4 ./system/src/newlib/_sbrk.o
 .bss.name.4309
                0x20000098        0x1 ./system/src/newlib/_syscalls.o
 *fill*         0x20000099        0x3 
 .bss.buf.5205  0x2000009c       0x80 ./system/src/diag/Trace.o
 .bss.ucHeap    0x2000011c     0x4800 ./src/heap_2.o
 .bss.xEnd      0x2000491c        0x8 ./src/heap_2.o
 .bss.xHeapHasBeenInitialised.4678
                0x20004924        0x4 ./src/heap_2.o
 .bss.xStart    0x20004928        0x8 ./src/heap_2.o
 .bss.pxCurrentTCB
                0x20004930        0x4 ./src/tasks.o
                0x20004930                pxCurrentTCB
 .bss.pxDelayedTaskList
                0x20004934        0x4 ./src/tasks.o
 .bss.pxOverflowDelayedTaskList
                0x20004938        0x4 ./src/tasks.o
 .bss.pxReadyTasksLists
                0x2000493c       0x64 ./src/tasks.o
 .bss.uxCurrentNumberOfTasks
                0x200049a0        0x4 ./src/tasks.o
 .bss.uxDeletedTasksWaitingCleanUp
                0x200049a4        0x4 ./src/tasks.o
 .bss.uxSchedulerSuspended
                0x200049a8        0x4 ./src/tasks.o
 .bss.uxTaskNumber
                0x200049ac        0x4 ./src/tasks.o
 .bss.uxTopReadyPriority
                0x200049b0        0x4 ./src/tasks.o
 .bss.xDelayedTaskList1
                0x200049b4       0x14 ./src/tasks.o
 .bss.xDelayedTaskList2
                0x200049c8       0x14 ./src/tasks.o
 .bss.xIdleTaskHandle
                0x200049dc        0x4 ./src/tasks.o
 .bss.xNextTaskUnblockTime
                0x200049e0        0x2 ./src/tasks.o
 *fill*         0x200049e2        0x2 
 .bss.xNumOfOverflows
                0x200049e4        0x4 ./src/tasks.o
 .bss.xPendedTicks
                0x200049e8        0x2 ./src/tasks.o
 *fill*         0x200049ea        0x2 
 .bss.xPendingReadyList
                0x200049ec       0x14 ./src/tasks.o
 .bss.xSchedulerRunning
                0x20004a00        0x4 ./src/tasks.o
 .bss.xSuspendedTaskList
                0x20004a04       0x14 ./src/tasks.o
 .bss.xTasksWaitingTermination
                0x20004a18       0x14 ./src/tasks.o
 .bss.xTickCount
                0x20004a2c        0x2 ./src/tasks.o
 *fill*         0x20004a2e        0x2 
 .bss.xYieldPending
                0x20004a30        0x4 ./src/tasks.o
 .bss.pxCurrentTimerList
                0x20004a34        0x4 ./src/timers.o
 .bss.pxOverflowTimerList
                0x20004a38        0x4 ./src/timers.o
 .bss.xActiveTimerList1
                0x20004a3c       0x14 ./src/timers.o
 .bss.xActiveTimerList2
                0x20004a50       0x14 ./src/timers.o
 .bss.xLastTime.4980
                0x20004a64        0x2 ./src/timers.o
 *fill*         0x20004a66        0x2 
 .bss.xTimerQueue
                0x20004a68        0x4 ./src/timers.o
 .bss.xTimerTaskHandle
                0x20004a6c        0x4 ./src/timers.o
 .bss.__malloc_free_list
                0x20004a70        0x4 e:/armm3_stm/imt_arm_course/02- tools/03- imt sdk/imt_sdk_win_64/winarm/armgcc/bin/../lib/gcc/arm-none-eabi/7.2.1/../../../../arm-none-eabi/lib/thumb/v7-m\libg_nano.a(lib_a-nano-mallocr.o)
                0x20004a70                __malloc_free_list
 .bss.__malloc_sbrk_start
                0x20004a74        0x4 e:/armm3_stm/imt_arm_course/02- tools/03- imt sdk/imt_sdk_win_64/winarm/armgcc/bin/../lib/gcc/arm-none-eabi/7.2.1/../../../../arm-none-eabi/lib/thumb/v7-m\libg_nano.a(lib_a-nano-mallocr.o)
                0x20004a74                __malloc_sbrk_start
 *(COMMON)
 COMMON         0x20004a78        0x4 ./system/src/newlib/_syscalls.o
                0x20004a78                errno
 COMMON         0x20004a7c        0x4 ./src/main.o
                0x20004a7c                eventGroup_handle
 COMMON         0x20004a80       0x28 ./src/queue.o
                0x20004a80                xQueueRegistry
 *(.bss_end .bss_end.*)
 .bss_end       0x20004aa8        0x4 ./system/src/newlib/_startup.o
                0x20004aac                . = ALIGN (0x4)
                0x20004aac                __bss_end__ = .
                0x20004aac                _ebss = .

.noinit_CCMRAM
 *(.noinit.CCMRAM .noinit.CCMRAM.*)

.noinit         0x20004aac        0x0
                0x20004aac                _noinit = .
 *(.noinit .noinit.*)
                0x20004aac                . = ALIGN (0x4)
                0x20004aac                _end_noinit = .
                [!provide]                PROVIDE (end, _end_noinit)
                [!provide]                PROVIDE (_end, _end_noinit)
                [!provide]                PROVIDE (__end, _end_noinit)
                [!provide]                PROVIDE (__end__, _end_noinit)

._check_stack   0x20004aac      0x100
                0x20004bac                . = (. + _Minimum_Stack_Size)
 *fill*         0x20004aac      0x100 

.b1text
 *(.b1text)
 *(.b1rodata)
 *(.b1rodata.*)

.eb0text
 *(.eb0text)
 *(.eb0rodata)
 *(.eb0rodata.*)

.eb1text
 *(.eb1text)
 *(.eb1rodata)
 *(.eb1rodata.*)

.eb2text
 *(.eb2text)
 *(.eb2rodata)
 *(.eb2rodata.*)

.eb3text
 *(.eb3text)
 *(.eb3rodata)
 *(.eb3rodata.*)

.stab
 *(.stab)

.stabstr
 *(.stabstr)

.stab.excl
 *(.stab.excl)

.stab.exclstr
 *(.stab.exclstr)

.stab.index
 *(.stab.index)

.stab.indexstr
 *(.stab.indexstr)

.comment        0x00000000       0x7e
 *(.comment)
 .comment       0x00000000       0x7e ./system/src/newlib/_exit.o
                                 0x7f (size before relaxing)
 .comment       0x0000007e       0x7f ./system/src/newlib/_sbrk.o
 .comment       0x0000007e       0x7f ./system/src/newlib/_startup.o
 .comment       0x0000007e       0x7f ./system/src/newlib/_syscalls.o
 .comment       0x0000007e       0x7f ./system/src/diag/Trace.o
 .comment       0x0000007e       0x7f ./system/src/diag/trace_impl.o
 .comment       0x0000007e       0x7f ./system/src/cortexm/_initialize_hardware.o
 .comment       0x0000007e       0x7f ./system/src/cortexm/exception_handlers.o
 .comment       0x0000007e       0x7f ./system/src/cmsis/system_stm32f10x.o
 .comment       0x0000007e       0x7f ./system/src/cmsis/vectors_stm32f10x.o
 .comment       0x0000007e       0x7f ./src/DIO_program.o
 .comment       0x0000007e       0x7f ./src/RCC_program.o
 .comment       0x0000007e       0x7f ./src/event_groups.o
 .comment       0x0000007e       0x7f ./src/heap_2.o
 .comment       0x0000007e       0x7f ./src/list.o
 .comment       0x0000007e       0x7f ./src/main.o
 .comment       0x0000007e       0x7f ./src/port.o
 .comment       0x0000007e       0x7f ./src/queue.o
 .comment       0x0000007e       0x7f ./src/tasks.o
 .comment       0x0000007e       0x7f ./src/timers.o

.ARM.attributes
                0x00000000       0x31
 .ARM.attributes
                0x00000000       0x33 ./system/src/newlib/_exit.o
 .ARM.attributes
                0x00000033       0x33 ./system/src/newlib/_sbrk.o
 .ARM.attributes
                0x00000066       0x33 ./system/src/newlib/_startup.o
 .ARM.attributes
                0x00000099       0x33 ./system/src/newlib/_syscalls.o
 .ARM.attributes
                0x000000cc       0x33 ./system/src/diag/Trace.o
 .ARM.attributes
                0x000000ff       0x33 ./system/src/diag/trace_impl.o
 .ARM.attributes
                0x00000132       0x33 ./system/src/cortexm/_initialize_hardware.o
 .ARM.attributes
                0x00000165       0x33 ./system/src/cortexm/exception_handlers.o
 .ARM.attributes
                0x00000198       0x33 ./system/src/cmsis/system_stm32f10x.o
 .ARM.attributes
                0x000001cb       0x33 ./system/src/cmsis/vectors_stm32f10x.o
 .ARM.attributes
                0x000001fe       0x33 ./src/DIO_program.o
 .ARM.attributes
                0x00000231       0x33 ./src/RCC_program.o
 .ARM.attributes
                0x00000264       0x33 ./src/event_groups.o
 .ARM.attributes
                0x00000297       0x33 ./src/heap_2.o
 .ARM.attributes
                0x000002ca       0x33 ./src/list.o
 .ARM.attributes
                0x000002fd       0x33 ./src/main.o
 .ARM.attributes
                0x00000330       0x33 ./src/port.o
 .ARM.attributes
                0x00000363       0x33 ./src/queue.o
 .ARM.attributes
                0x00000396       0x33 ./src/tasks.o
 .ARM.attributes
                0x000003c9       0x33 ./src/timers.o
 .ARM.attributes
                0x000003fc       0x2d e:/armm3_stm/imt_arm_course/02- tools/03- imt sdk/imt_sdk_win_64/winarm/armgcc/bin/../lib/gcc/arm-none-eabi/7.2.1/../../../../arm-none-eabi/lib/thumb/v7-m\libg_nano.a(lib_a-errno.o)
 .ARM.attributes
                0x00000429       0x2d e:/armm3_stm/imt_arm_course/02- tools/03- imt sdk/imt_sdk_win_64/winarm/armgcc/bin/../lib/gcc/arm-none-eabi/7.2.1/../../../../arm-none-eabi/lib/thumb/v7-m\libg_nano.a(lib_a-impure.o)
 .ARM.attributes
                0x00000456       0x2d e:/armm3_stm/imt_arm_course/02- tools/03- imt sdk/imt_sdk_win_64/winarm/armgcc/bin/../lib/gcc/arm-none-eabi/7.2.1/../../../../arm-none-eabi/lib/thumb/v7-m\libg_nano.a(lib_a-memcpy-stub.o)
 .ARM.attributes
                0x00000483       0x2d e:/armm3_stm/imt_arm_course/02- tools/03- imt sdk/imt_sdk_win_64/winarm/armgcc/bin/../lib/gcc/arm-none-eabi/7.2.1/../../../../arm-none-eabi/lib/thumb/v7-m\libg_nano.a(lib_a-memset.o)
 .ARM.attributes
                0x000004b0       0x2d e:/armm3_stm/imt_arm_course/02- tools/03- imt sdk/imt_sdk_win_64/winarm/armgcc/bin/../lib/gcc/arm-none-eabi/7.2.1/../../../../arm-none-eabi/lib/thumb/v7-m\libg_nano.a(lib_a-vsnprintf.o)
 .ARM.attributes
                0x000004dd       0x2d e:/armm3_stm/imt_arm_course/02- tools/03- imt sdk/imt_sdk_win_64/winarm/armgcc/bin/../lib/gcc/arm-none-eabi/7.2.1/../../../../arm-none-eabi/lib/thumb/v7-m\libg_nano.a(lib_a-nano-svfprintf.o)
 .ARM.attributes
                0x0000050a       0x2d e:/armm3_stm/imt_arm_course/02- tools/03- imt sdk/imt_sdk_win_64/winarm/armgcc/bin/../lib/gcc/arm-none-eabi/7.2.1/../../../../arm-none-eabi/lib/thumb/v7-m\libg_nano.a(lib_a-nano-vfprintf_i.o)
 .ARM.attributes
                0x00000537       0x2d e:/armm3_stm/imt_arm_course/02- tools/03- imt sdk/imt_sdk_win_64/winarm/armgcc/bin/../lib/gcc/arm-none-eabi/7.2.1/../../../../arm-none-eabi/lib/thumb/v7-m\libg_nano.a(lib_a-memchr-stub.o)
 .ARM.attributes
                0x00000564       0x2d e:/armm3_stm/imt_arm_course/02- tools/03- imt sdk/imt_sdk_win_64/winarm/armgcc/bin/../lib/gcc/arm-none-eabi/7.2.1/../../../../arm-none-eabi/lib/thumb/v7-m\libg_nano.a(lib_a-memmove.o)
 .ARM.attributes
                0x00000591       0x2d e:/armm3_stm/imt_arm_course/02- tools/03- imt sdk/imt_sdk_win_64/winarm/armgcc/bin/../lib/gcc/arm-none-eabi/7.2.1/../../../../arm-none-eabi/lib/thumb/v7-m\libg_nano.a(lib_a-nano-freer.o)
 .ARM.attributes
                0x000005be       0x2d e:/armm3_stm/imt_arm_course/02- tools/03- imt sdk/imt_sdk_win_64/winarm/armgcc/bin/../lib/gcc/arm-none-eabi/7.2.1/../../../../arm-none-eabi/lib/thumb/v7-m\libg_nano.a(lib_a-nano-mallocr.o)
 .ARM.attributes
                0x000005eb       0x2d e:/armm3_stm/imt_arm_course/02- tools/03- imt sdk/imt_sdk_win_64/winarm/armgcc/bin/../lib/gcc/arm-none-eabi/7.2.1/../../../../arm-none-eabi/lib/thumb/v7-m\libg_nano.a(lib_a-nano-reallocr.o)
 .ARM.attributes
                0x00000618       0x2d e:/armm3_stm/imt_arm_course/02- tools/03- imt sdk/imt_sdk_win_64/winarm/armgcc/bin/../lib/gcc/arm-none-eabi/7.2.1/../../../../arm-none-eabi/lib/thumb/v7-m\libg_nano.a(lib_a-sbrkr.o)
 .ARM.attributes
                0x00000645       0x2d e:/armm3_stm/imt_arm_course/02- tools/03- imt sdk/imt_sdk_win_64/winarm/armgcc/bin/../lib/gcc/arm-none-eabi/7.2.1/../../../../arm-none-eabi/lib/thumb/v7-m\libg_nano.a(lib_a-mlock.o)
 .ARM.attributes
                0x00000672       0x2d e:/armm3_stm/imt_arm_course/02- tools/03- imt sdk/imt_sdk_win_64/winarm/armgcc/bin/../lib/gcc/arm-none-eabi/7.2.1/../../../../arm-none-eabi/lib/thumb/v7-m\libg_nano.a(lib_a-nano-msizer.o)

.debug
 *(.debug)

.line
 *(.line)

.debug_srcinfo
 *(.debug_srcinfo)

.debug_sfnames
 *(.debug_sfnames)

.debug_aranges  0x00000000      0x830
 *(.debug_aranges)
 .debug_aranges
                0x00000000       0x28 ./system/src/newlib/_exit.o
 .debug_aranges
                0x00000028       0x20 ./system/src/newlib/_sbrk.o
 .debug_aranges
                0x00000048       0x40 ./system/src/newlib/_startup.o
 .debug_aranges
                0x00000088       0x30 ./system/src/newlib/_syscalls.o
 .debug_aranges
                0x000000b8       0x38 ./system/src/diag/Trace.o
 .debug_aranges
                0x000000f0       0x30 ./system/src/diag/trace_impl.o
 .debug_aranges
                0x00000120       0x28 ./system/src/cortexm/_initialize_hardware.o
 .debug_aranges
                0x00000148       0x90 ./system/src/cortexm/exception_handlers.o
 .debug_aranges
                0x000001d8       0x38 ./system/src/cmsis/system_stm32f10x.o
 .debug_aranges
                0x00000210       0x20 ./system/src/cmsis/vectors_stm32f10x.o
 .debug_aranges
                0x00000230       0x30 ./src/DIO_program.o
 .debug_aranges
                0x00000260       0x30 ./src/RCC_program.o
 .debug_aranges
                0x00000290       0x78 ./src/event_groups.o
 .debug_aranges
                0x00000308       0x40 ./src/heap_2.o
 .debug_aranges
                0x00000348       0x40 ./src/list.o
 .debug_aranges
                0x00000388       0x38 ./src/main.o
 .debug_aranges
                0x000003c0       0x70 ./src/port.o
 .debug_aranges
                0x00000430      0x130 ./src/queue.o
 .debug_aranges
                0x00000560      0x1f8 ./src/tasks.o
 .debug_aranges
                0x00000758       0xd8 ./src/timers.o

.debug_pubnames
 *(.debug_pubnames)

.debug_info     0x00000000     0xe205
 *(.debug_info .gnu.linkonce.wi.*)
 .debug_info    0x00000000      0x956 ./system/src/newlib/_exit.o
 .debug_info    0x00000956      0x942 ./system/src/newlib/_sbrk.o
 .debug_info    0x00001298      0x42e ./system/src/newlib/_startup.o
 .debug_info    0x000016c6      0xa19 ./system/src/newlib/_syscalls.o
 .debug_info    0x000020df      0xb2a ./system/src/diag/Trace.o
 .debug_info    0x00002c09      0x363 ./system/src/diag/trace_impl.o
 .debug_info    0x00002f6c      0x2b5 ./system/src/cortexm/_initialize_hardware.o
 .debug_info    0x00003221     0x1140 ./system/src/cortexm/exception_handlers.o
 .debug_info    0x00004361      0x494 ./system/src/cmsis/system_stm32f10x.o
 .debug_info    0x000047f5       0xca ./system/src/cmsis/vectors_stm32f10x.o
 .debug_info    0x000048bf      0x12e ./src/DIO_program.o
 .debug_info    0x000049ed       0xde ./src/RCC_program.o
 .debug_info    0x00004acb     0x1199 ./src/event_groups.o
 .debug_info    0x00005c64      0xb2e ./src/heap_2.o
 .debug_info    0x00006792      0xac2 ./src/list.o
 .debug_info    0x00007254      0x498 ./src/main.o
 .debug_info    0x000076ec      0x32b ./src/port.o
 .debug_info    0x00007a17     0x227c ./src/queue.o
 .debug_info    0x00009c93     0x2dd9 ./src/tasks.o
 .debug_info    0x0000ca6c     0x1799 ./src/timers.o

.debug_abbrev   0x00000000     0x28ab
 *(.debug_abbrev)
 .debug_abbrev  0x00000000      0x1f3 ./system/src/newlib/_exit.o
 .debug_abbrev  0x000001f3      0x1fc ./system/src/newlib/_sbrk.o
 .debug_abbrev  0x000003ef      0x1b3 ./system/src/newlib/_startup.o
 .debug_abbrev  0x000005a2      0x234 ./system/src/newlib/_syscalls.o
 .debug_abbrev  0x000007d6      0x276 ./system/src/diag/Trace.o
 .debug_abbrev  0x00000a4c      0x1e2 ./system/src/diag/trace_impl.o
 .debug_abbrev  0x00000c2e       0xea ./system/src/cortexm/_initialize_hardware.o
 .debug_abbrev  0x00000d18      0x32b ./system/src/cortexm/exception_handlers.o
 .debug_abbrev  0x00001043      0x177 ./system/src/cmsis/system_stm32f10x.o
 .debug_abbrev  0x000011ba       0x9d ./system/src/cmsis/vectors_stm32f10x.o
 .debug_abbrev  0x00001257       0xaa ./src/DIO_program.o
 .debug_abbrev  0x00001301       0x7f ./src/RCC_program.o
 .debug_abbrev  0x00001380      0x34a ./src/event_groups.o
 .debug_abbrev  0x000016ca      0x29c ./src/heap_2.o
 .debug_abbrev  0x00001966      0x223 ./src/list.o
 .debug_abbrev  0x00001b89      0x12c ./src/main.o
 .debug_abbrev  0x00001cb5      0x1cd ./src/port.o
 .debug_abbrev  0x00001e82      0x361 ./src/queue.o
 .debug_abbrev  0x000021e3      0x3ce ./src/tasks.o
 .debug_abbrev  0x000025b1      0x2fa ./src/timers.o

.debug_line     0x00000000     0x5b6f
 *(.debug_line)
 .debug_line    0x00000000      0x3b3 ./system/src/newlib/_exit.o
 .debug_line    0x000003b3      0x367 ./system/src/newlib/_sbrk.o
 .debug_line    0x0000071a      0x421 ./system/src/newlib/_startup.o
 .debug_line    0x00000b3b      0x496 ./system/src/newlib/_syscalls.o
 .debug_line    0x00000fd1      0x42f ./system/src/diag/Trace.o
 .debug_line    0x00001400      0x69c ./system/src/diag/trace_impl.o
 .debug_line    0x00001a9c      0x38d ./system/src/cortexm/_initialize_hardware.o
 .debug_line    0x00001e29      0x75e ./system/src/cortexm/exception_handlers.o
 .debug_line    0x00002587      0x400 ./system/src/cmsis/system_stm32f10x.o
 .debug_line    0x00002987      0x119 ./system/src/cmsis/vectors_stm32f10x.o
 .debug_line    0x00002aa0       0xfd ./src/DIO_program.o
 .debug_line    0x00002b9d       0xcf ./src/RCC_program.o
 .debug_line    0x00002c6c      0x526 ./src/event_groups.o
 .debug_line    0x00003192      0x412 ./src/heap_2.o
 .debug_line    0x000035a4      0x3df ./src/list.o
 .debug_line    0x00003983      0x239 ./src/main.o
 .debug_line    0x00003bbc      0x27b ./src/port.o
 .debug_line    0x00003e37      0x960 ./src/queue.o
 .debug_line    0x00004797      0xdcb ./src/tasks.o
 .debug_line    0x00005562      0x60d ./src/timers.o

.debug_frame    0x00000000     0x1788
 *(.debug_frame)
 .debug_frame   0x00000000       0x38 ./system/src/newlib/_exit.o
 .debug_frame   0x00000038       0x28 ./system/src/newlib/_sbrk.o
 .debug_frame   0x00000060       0x7c ./system/src/newlib/_startup.o
 .debug_frame   0x000000dc       0x50 ./system/src/newlib/_syscalls.o
 .debug_frame   0x0000012c       0x94 ./system/src/diag/Trace.o
 .debug_frame   0x000001c0       0x64 ./system/src/diag/trace_impl.o
 .debug_frame   0x00000224       0x40 ./system/src/cortexm/_initialize_hardware.o
 .debug_frame   0x00000264      0x158 ./system/src/cortexm/exception_handlers.o
 .debug_frame   0x000003bc       0x6c ./system/src/cmsis/system_stm32f10x.o
 .debug_frame   0x00000428       0x20 ./system/src/cmsis/vectors_stm32f10x.o
 .debug_frame   0x00000448       0x4c ./src/DIO_program.o
 .debug_frame   0x00000494       0x40 ./src/RCC_program.o
 .debug_frame   0x000004d4      0x130 ./src/event_groups.o
 .debug_frame   0x00000604       0x80 ./src/heap_2.o
 .debug_frame   0x00000684       0x6c ./src/list.o
 .debug_frame   0x000006f0       0x7c ./src/main.o
 .debug_frame   0x0000076c       0xd8 ./src/port.o
 .debug_frame   0x00000844      0x38c ./src/queue.o
 .debug_frame   0x00000bd0      0x628 ./src/tasks.o
 .debug_frame   0x000011f8      0x280 ./src/timers.o
 .debug_frame   0x00001478       0x20 e:/armm3_stm/imt_arm_course/02- tools/03- imt sdk/imt_sdk_win_64/winarm/armgcc/bin/../lib/gcc/arm-none-eabi/7.2.1/../../../../arm-none-eabi/lib/thumb/v7-m\libg_nano.a(lib_a-errno.o)
 .debug_frame   0x00001498       0x28 e:/armm3_stm/imt_arm_course/02- tools/03- imt sdk/imt_sdk_win_64/winarm/armgcc/bin/../lib/gcc/arm-none-eabi/7.2.1/../../../../arm-none-eabi/lib/thumb/v7-m\libg_nano.a(lib_a-memcpy-stub.o)
 .debug_frame   0x000014c0       0x20 e:/armm3_stm/imt_arm_course/02- tools/03- imt sdk/imt_sdk_win_64/winarm/armgcc/bin/../lib/gcc/arm-none-eabi/7.2.1/../../../../arm-none-eabi/lib/thumb/v7-m\libg_nano.a(lib_a-memset.o)
 .debug_frame   0x000014e0       0x4c e:/armm3_stm/imt_arm_course/02- tools/03- imt sdk/imt_sdk_win_64/winarm/armgcc/bin/../lib/gcc/arm-none-eabi/7.2.1/../../../../arm-none-eabi/lib/thumb/v7-m\libg_nano.a(lib_a-vsnprintf.o)
 .debug_frame   0x0000152c       0x90 e:/armm3_stm/imt_arm_course/02- tools/03- imt sdk/imt_sdk_win_64/winarm/armgcc/bin/../lib/gcc/arm-none-eabi/7.2.1/../../../../arm-none-eabi/lib/thumb/v7-m\libg_nano.a(lib_a-nano-svfprintf.o)
 .debug_frame   0x000015bc       0x60 e:/armm3_stm/imt_arm_course/02- tools/03- imt sdk/imt_sdk_win_64/winarm/armgcc/bin/../lib/gcc/arm-none-eabi/7.2.1/../../../../arm-none-eabi/lib/thumb/v7-m\libg_nano.a(lib_a-nano-vfprintf_i.o)
 .debug_frame   0x0000161c       0x28 e:/armm3_stm/imt_arm_course/02- tools/03- imt sdk/imt_sdk_win_64/winarm/armgcc/bin/../lib/gcc/arm-none-eabi/7.2.1/../../../../arm-none-eabi/lib/thumb/v7-m\libg_nano.a(lib_a-memchr-stub.o)
 .debug_frame   0x00001644       0x28 e:/armm3_stm/imt_arm_course/02- tools/03- imt sdk/imt_sdk_win_64/winarm/armgcc/bin/../lib/gcc/arm-none-eabi/7.2.1/../../../../arm-none-eabi/lib/thumb/v7-m\libg_nano.a(lib_a-memmove.o)
 .debug_frame   0x0000166c       0x38 e:/armm3_stm/imt_arm_course/02- tools/03- imt sdk/imt_sdk_win_64/winarm/armgcc/bin/../lib/gcc/arm-none-eabi/7.2.1/../../../../arm-none-eabi/lib/thumb/v7-m\libg_nano.a(lib_a-nano-freer.o)
 .debug_frame   0x000016a4       0x2c e:/armm3_stm/imt_arm_course/02- tools/03- imt sdk/imt_sdk_win_64/winarm/armgcc/bin/../lib/gcc/arm-none-eabi/7.2.1/../../../../arm-none-eabi/lib/thumb/v7-m\libg_nano.a(lib_a-nano-mallocr.o)
 .debug_frame   0x000016d0       0x3c e:/armm3_stm/imt_arm_course/02- tools/03- imt sdk/imt_sdk_win_64/winarm/armgcc/bin/../lib/gcc/arm-none-eabi/7.2.1/../../../../arm-none-eabi/lib/thumb/v7-m\libg_nano.a(lib_a-nano-reallocr.o)
 .debug_frame   0x0000170c       0x2c e:/armm3_stm/imt_arm_course/02- tools/03- imt sdk/imt_sdk_win_64/winarm/armgcc/bin/../lib/gcc/arm-none-eabi/7.2.1/../../../../arm-none-eabi/lib/thumb/v7-m\libg_nano.a(lib_a-sbrkr.o)
 .debug_frame   0x00001738       0x30 e:/armm3_stm/imt_arm_course/02- tools/03- imt sdk/imt_sdk_win_64/winarm/armgcc/bin/../lib/gcc/arm-none-eabi/7.2.1/../../../../arm-none-eabi/lib/thumb/v7-m\libg_nano.a(lib_a-mlock.o)
 .debug_frame   0x00001768       0x20 e:/armm3_stm/imt_arm_course/02- tools/03- imt sdk/imt_sdk_win_64/winarm/armgcc/bin/../lib/gcc/arm-none-eabi/7.2.1/../../../../arm-none-eabi/lib/thumb/v7-m\libg_nano.a(lib_a-nano-msizer.o)

.debug_str      0x00000000    0x5eee7
 *(.debug_str)
 .debug_str     0x00000000     0x7d08 ./system/src/newlib/_exit.o
                               0x7edb (size before relaxing)
 .debug_str     0x00007d08      0x375 ./system/src/newlib/_sbrk.o
                               0x728d (size before relaxing)
 .debug_str     0x0000807d      0xbb4 ./system/src/newlib/_startup.o
                               0x69c8 (size before relaxing)
 .debug_str     0x00008c31      0xe8b ./system/src/newlib/_syscalls.o
                               0x8168 (size before relaxing)
 .debug_str     0x00009abc      0x826 ./system/src/diag/Trace.o
                               0x8653 (size before relaxing)
 .debug_str     0x0000a2e2    0x4b2b9 ./system/src/diag/trace_impl.o
                              0x52a39 (size before relaxing)
 .debug_str     0x0005559b       0xc4 ./system/src/cortexm/_initialize_hardware.o
                              0x4e82a (size before relaxing)
 .debug_str     0x0005565f      0x19d ./system/src/cortexm/exception_handlers.o
                              0x53c5e (size before relaxing)
 .debug_str     0x000557fc      0x114 ./system/src/cmsis/system_stm32f10x.o
                              0x4e8c4 (size before relaxing)
 .debug_str     0x00055910       0x57 ./system/src/cmsis/vectors_stm32f10x.o
                               0x3869 (size before relaxing)
 .debug_str     0x00055967      0x837 ./src/DIO_program.o
                               0x359e (size before relaxing)
 .debug_str     0x0005619e      0x2aa ./src/RCC_program.o
                               0x30c4 (size before relaxing)
 .debug_str     0x00056448     0x570b ./src/event_groups.o
                               0xc380 (size before relaxing)
 .debug_str     0x0005bb53      0x334 ./src/heap_2.o
                               0xb9aa (size before relaxing)
 .debug_str     0x0005be87       0x80 ./src/list.o
                               0xa593 (size before relaxing)
 .debug_str     0x0005bf07       0xc0 ./src/main.o
                               0x91b1 (size before relaxing)
 .debug_str     0x0005bfc7      0x652 ./src/port.o
                               0x8bc8 (size before relaxing)
 .debug_str     0x0005c619     0x1074 ./src/queue.o
                               0xc901 (size before relaxing)
 .debug_str     0x0005d68d     0x136c ./src/tasks.o
                               0xd6d3 (size before relaxing)
 .debug_str     0x0005e9f9      0x4ee ./src/timers.o
                               0xccf1 (size before relaxing)

.debug_loc      0x00000000     0x54e1
 *(.debug_loc)
 .debug_loc     0x00000000       0x85 ./system/src/newlib/_sbrk.o
 .debug_loc     0x00000085      0x1a9 ./system/src/newlib/_startup.o
 .debug_loc     0x0000022e       0x63 ./system/src/newlib/_syscalls.o
 .debug_loc     0x00000291       0xf6 ./system/src/diag/Trace.o
 .debug_loc     0x00000387      0x121 ./system/src/diag/trace_impl.o
 .debug_loc     0x000004a8      0x291 ./system/src/cortexm/exception_handlers.o
 .debug_loc     0x00000739       0xdf ./system/src/cmsis/system_stm32f10x.o
 .debug_loc     0x00000818      0x347 ./src/DIO_program.o
 .debug_loc     0x00000b5f       0xa6 ./src/RCC_program.o
 .debug_loc     0x00000c05      0x76a ./src/event_groups.o
 .debug_loc     0x0000136f      0x1c1 ./src/heap_2.o
 .debug_loc     0x00001530       0x70 ./src/list.o
 .debug_loc     0x000015a0      0x10a ./src/main.o
 .debug_loc     0x000016aa       0xa8 ./src/port.o
 .debug_loc     0x00001752     0x1376 ./src/queue.o
 .debug_loc     0x00002ac8     0x1feb ./src/tasks.o
 .debug_loc     0x00004ab3      0xa2e ./src/timers.o

.debug_macinfo
 *(.debug_macinfo)

.debug_weaknames
 *(.debug_weaknames)

.debug_funcnames
 *(.debug_funcnames)

.debug_typenames
 *(.debug_typenames)

.debug_varnames
 *(.debug_varnames)
OUTPUT(freeRTOS_LAB8.elf elf32-littlearm)

.debug_ranges   0x00000000      0x960
 .debug_ranges  0x00000000       0x18 ./system/src/newlib/_exit.o
 .debug_ranges  0x00000018       0x10 ./system/src/newlib/_sbrk.o
 .debug_ranges  0x00000028       0x78 ./system/src/newlib/_startup.o
 .debug_ranges  0x000000a0       0x20 ./system/src/newlib/_syscalls.o
 .debug_ranges  0x000000c0       0x28 ./system/src/diag/Trace.o
 .debug_ranges  0x000000e8       0x50 ./system/src/diag/trace_impl.o
 .debug_ranges  0x00000138       0x18 ./system/src/cortexm/_initialize_hardware.o
 .debug_ranges  0x00000150       0x80 ./system/src/cortexm/exception_handlers.o
 .debug_ranges  0x000001d0       0x28 ./system/src/cmsis/system_stm32f10x.o
 .debug_ranges  0x000001f8       0x10 ./system/src/cmsis/vectors_stm32f10x.o
 .debug_ranges  0x00000208       0x20 ./src/DIO_program.o
 .debug_ranges  0x00000228       0x20 ./src/RCC_program.o
 .debug_ranges  0x00000248       0x88 ./src/event_groups.o
 .debug_ranges  0x000002d0       0x30 ./src/heap_2.o
 .debug_ranges  0x00000300       0x30 ./src/list.o
 .debug_ranges  0x00000330       0x28 ./src/main.o
 .debug_ranges  0x00000358       0x60 ./src/port.o
 .debug_ranges  0x000003b8      0x1c8 ./src/queue.o
 .debug_ranges  0x00000580      0x318 ./src/tasks.o
 .debug_ranges  0x00000898       0xc8 ./src/timers.o

.debug_macro    0x00000000     0x41b4
 .debug_macro   0x00000000      0x1b4 ./system/src/newlib/_exit.o
 .debug_macro   0x000001b4       0x9c ./system/src/newlib/_exit.o
 .debug_macro   0x00000250      0x10e ./system/src/newlib/_exit.o
 .debug_macro   0x0000035e       0x8d ./system/src/newlib/_exit.o
 .debug_macro   0x000003eb       0x43 ./system/src/newlib/_exit.o
 .debug_macro   0x0000042e      0x330 ./system/src/newlib/_exit.o
 .debug_macro   0x0000075e       0x35 ./system/src/newlib/_exit.o
 .debug_macro   0x00000793      0x169 ./system/src/newlib/_sbrk.o
 .debug_macro   0x000008fc      0x174 ./system/src/newlib/_sbrk.o
 .debug_macro   0x00000a70       0x10 ./system/src/newlib/_sbrk.o
 .debug_macro   0x00000a80      0x23b ./system/src/newlib/_sbrk.o
 .debug_macro   0x00000cbb      0x173 ./system/src/newlib/_startup.o
 .debug_macro   0x00000e2e      0x217 ./system/src/newlib/_syscalls.o
 .debug_macro   0x00001045       0x1c ./system/src/newlib/_syscalls.o
 .debug_macro   0x00001061       0x10 ./system/src/newlib/_syscalls.o
 .debug_macro   0x00001071       0x10 ./system/src/newlib/_syscalls.o
 .debug_macro   0x00001081       0x10 ./system/src/newlib/_syscalls.o
 .debug_macro   0x00001091       0x35 ./system/src/newlib/_syscalls.o
 .debug_macro   0x000010c6      0x122 ./system/src/newlib/_syscalls.o
 .debug_macro   0x000011e8       0x88 ./system/src/newlib/_syscalls.o
 .debug_macro   0x00001270       0x2b ./system/src/newlib/_syscalls.o
 .debug_macro   0x0000129b      0x118 ./system/src/newlib/_syscalls.o
 .debug_macro   0x000013b3      0x189 ./system/src/newlib/_syscalls.o
 .debug_macro   0x0000153c       0x16 ./system/src/newlib/_syscalls.o
 .debug_macro   0x00001552      0x1fb ./system/src/diag/Trace.o
 .debug_macro   0x0000174d       0x16 ./system/src/diag/Trace.o
 .debug_macro   0x00001763       0x97 ./system/src/diag/Trace.o
 .debug_macro   0x000017fa       0xfd ./system/src/diag/Trace.o
 .debug_macro   0x000018f7       0x10 ./system/src/diag/Trace.o
 .debug_macro   0x00001907       0x16 ./system/src/diag/Trace.o
 .debug_macro   0x0000191d      0x16f ./system/src/diag/Trace.o
 .debug_macro   0x00001a8c       0x4c ./system/src/diag/Trace.o
 .debug_macro   0x00001ad8       0x16 ./system/src/diag/Trace.o
 .debug_macro   0x00001aee      0x2da ./system/src/diag/trace_impl.o
 .debug_macro   0x00001dc8       0x10 ./system/src/diag/trace_impl.o
 .debug_macro   0x00001dd8       0xcf ./system/src/diag/trace_impl.o
 .debug_macro   0x00001ea7       0xbe ./system/src/diag/trace_impl.o
 .debug_macro   0x00001f65       0x22 ./system/src/diag/trace_impl.o
 .debug_macro   0x00001f87      0x16b ./system/src/cortexm/_initialize_hardware.o
 .debug_macro   0x000020f2      0x324 ./system/src/cortexm/exception_handlers.o
 .debug_macro   0x00002416       0x3b ./system/src/cortexm/exception_handlers.o
 .debug_macro   0x00002451       0x10 ./system/src/cortexm/exception_handlers.o
 .debug_macro   0x00002461      0x16e ./system/src/cmsis/system_stm32f10x.o
 .debug_macro   0x000025cf       0x34 ./system/src/cmsis/vectors_stm32f10x.o
 .debug_macro   0x00002603       0x40 ./src/DIO_program.o
 .debug_macro   0x00002643       0x22 ./src/DIO_program.o
 .debug_macro   0x00002665       0x9a ./src/DIO_program.o
 .debug_macro   0x000026ff       0xf4 ./src/DIO_program.o
 .debug_macro   0x000027f3       0x3f ./src/RCC_program.o
 .debug_macro   0x00002832       0x1c ./src/RCC_program.o
 .debug_macro   0x0000284e       0x70 ./src/RCC_program.o
 .debug_macro   0x000028be       0x22 ./src/RCC_program.o
 .debug_macro   0x000028e0      0x1bd ./src/event_groups.o
 .debug_macro   0x00002a9d       0xf4 ./src/event_groups.o
 .debug_macro   0x00002b91      0x15a ./src/event_groups.o
 .debug_macro   0x00002ceb       0xdd ./src/event_groups.o
 .debug_macro   0x00002dc8       0x1c ./src/event_groups.o
 .debug_macro   0x00002de4       0x26 ./src/event_groups.o
 .debug_macro   0x00002e0a      0x512 ./src/event_groups.o
 .debug_macro   0x0000331c       0xb5 ./src/event_groups.o
 .debug_macro   0x000033d1      0x119 ./src/event_groups.o
 .debug_macro   0x000034ea       0x91 ./src/event_groups.o
 .debug_macro   0x0000357b      0x18f ./src/heap_2.o
 .debug_macro   0x0000370a      0x16e ./src/list.o
 .debug_macro   0x00003878       0xea ./src/main.o
 .debug_macro   0x00003962      0x133 ./src/port.o
 .debug_macro   0x00003a95      0x1f2 ./src/queue.o
 .debug_macro   0x00003c87       0x80 ./src/queue.o
 .debug_macro   0x00003d07      0x24f ./src/tasks.o
 .debug_macro   0x00003f56       0x10 ./src/tasks.o
 .debug_macro   0x00003f66      0x1b7 ./src/timers.o
 .debug_macro   0x0000411d       0x97 ./src/timers.o
